// Jest Snapshot v1, https://goo.gl/fbAQLP

exports[`Sticker Method Test 1`] = `ShallowWrapper {}`;
